<?xml version="1.0" encoding="UTF-8"?>
<wsdl:definitions xmlns:wsdl="http://schemas.xmlsoap.org/wsdl/" xmlns:tns="http://example.com/test" xmlns:xsd="http://www.w3.org/2001/XMLSchema" xmlns:soap="http://schemas.xmlsoap.org/wsdl/soap/" name="TestService" targetNamespace="http://example.com/test">
  <wsdl:service name="MultiPortService">
    <wsdl:port xmlns:soap="http://schemas.xmlsoap.org/wsdl/soap/" name="Port1" binding="tns:Binding1">
      <soap:address xmlns:soap="http://schemas.xmlsoap.org/wsdl/soap/" location="http://example.com/service1"/>
    </wsdl:port>
    <wsdl:port xmlns:soap="http://schemas.xmlsoap.org/wsdl/soap/" name="Port2" binding="tns:Binding2">
      <soap:address xmlns:soap="http://schemas.xmlsoap.org/wsdl/soap/" location="http://example.com/service2"/>
    </wsdl:port>
    <wsdl:port xmlns:soap="http://schemas.xmlsoap.org/wsdl/soap/" name="Port3" binding="tns:Binding3">
      <soap:address xmlns:soap="http://schemas.xmlsoap.org/wsdl/soap/" location="http://example.com/service3"/>
    </wsdl:port>
  </wsdl:service>
</wsdl:definitions>
