<?xml version="1.0" encoding="UTF-8"?>
<wsdl:definitions xmlns:wsdl="http://schemas.xmlsoap.org/wsdl/" xmlns:tns="http://example.com/test" xmlns:xsd="http://www.w3.org/2001/XMLSchema" xmlns:soap="http://schemas.xmlsoap.org/wsdl/soap/" xmlns:wsp="http://www.w3.org/ns/ws-policy" name="TestService" targetNamespace="http://example.com/test">
  <wsdl:service name="SecureService">
    <wsp:Policy xmlns:wsp="http://www.w3.org/ns/ws-policy" xml:id="ServicePolicy">
      <wsp:Test/>
    </wsp:Policy>
    <wsdl:port xmlns:soap="http://schemas.xmlsoap.org/wsdl/soap/" name="TestPort" binding="tns:TestBinding">
      <soap:address xmlns:soap="http://schemas.xmlsoap.org/wsdl/soap/" location="http://example.com/soap"/>
    </wsdl:port>
  </wsdl:service>
</wsdl:definitions>
