<?xml version="1.0" encoding="UTF-8"?>
<wsdl:definitions xmlns:wsdl="http://schemas.xmlsoap.org/wsdl/" xmlns:tns="http://example.com/test" xmlns:xsd="http://www.w3.org/2001/XMLSchema" xmlns:soap="http://schemas.xmlsoap.org/wsdl/soap/" name="TestService" targetNamespace="http://example.com/test">
  <wsdl:binding name="TestBinding" type="tns:TestPort">
    <soap:binding xmlns:soap="http://schemas.xmlsoap.org/wsdl/soap/" style="document" transport="http://schemas.xmlsoap.org/soap/http"/>
    <wsdl:operation xmlns:soap="http://schemas.xmlsoap.org/wsdl/soap/" name="TestOp">
      <soap:operation xmlns:soap="http://schemas.xmlsoap.org/wsdl/soap/" soapAction="urn:test" style="document"/>
      <wsdl:input xmlns:soap="http://schemas.xmlsoap.org/wsdl/soap/">
        <soap:body xmlns:soap="http://schemas.xmlsoap.org/wsdl/soap/" use="literal"/>
      </wsdl:input>
      <wsdl:output xmlns:soap="http://schemas.xmlsoap.org/wsdl/soap/">
        <soap:body xmlns:soap="http://schemas.xmlsoap.org/wsdl/soap/" use="literal"/>
      </wsdl:output>
    </wsdl:operation>
  </wsdl:binding>
</wsdl:definitions>
