<?xml version="1.0" encoding="UTF-8"?>
<wsdl:definitions xmlns:wsdl="http://schemas.xmlsoap.org/wsdl/" xmlns:tns="http://example.com/test" xmlns:xsd="http://www.w3.org/2001/XMLSchema" xmlns:soap="http://schemas.xmlsoap.org/wsdl/soap/" name="TestService" targetNamespace="http://example.com/test">
  <wsdl:types>
    <xsd:schema xmlns:xsd="http://www.w3.org/2001/XMLSchema" targetNamespace="http://example.com/test">
      <xsd:simpleType name="EnumList">
        <xsd:restriction>
          <xsd:simpleType>
            <xsd:list itemType="xsd:string"/>
          </xsd:simpleType>
          <xsd:enumeration value="a"/>
          <xsd:enumeration value="b"/>
          <xsd:enumeration value="c"/>
        </xsd:restriction>
      </xsd:simpleType>
    </xsd:schema>
  </wsdl:types>
</wsdl:definitions>
