<?xml version="1.0" encoding="UTF-8"?>
<wsdl:definitions xmlns:wsdl="http://schemas.xmlsoap.org/wsdl/" xmlns:tns="http://example.com/test" xmlns:xsd="http://www.w3.org/2001/XMLSchema" xmlns:soap="http://schemas.xmlsoap.org/wsdl/soap/" name="TestService" targetNamespace="http://example.com/test">
  <wsdl:message name="MultiPartMessage">
    <wsdl:part name="header" type="xsd:string"/>
    <wsdl:part name="body" type="xsd:string"/>
    <wsdl:part name="footer" type="xsd:string"/>
  </wsdl:message>
</wsdl:definitions>
