<?xml version="1.0" encoding="UTF-8"?>
<wsdl:definitions xmlns:wsdl="http://schemas.xmlsoap.org/wsdl/" xmlns:tns="http://example.com/test" xmlns:xsd="http://www.w3.org/2001/XMLSchema" xmlns:soap="http://schemas.xmlsoap.org/wsdl/soap/" name="TestService" targetNamespace="http://example.com/test">
  <wsdl:types>
    <xsd:schema xmlns:xsd="http://www.w3.org/2001/XMLSchema" targetNamespace="http://example.com/test">
      <xsd:redefine schemaLocation="base-types.xsd">
        <xsd:attributeGroup name="CommonAttributes">
          <xsd:attribute name="version" type="xsd:string"/>
        </xsd:attributeGroup>
      </xsd:redefine>
    </xsd:schema>
  </wsdl:types>
</wsdl:definitions>
