<?xml version="1.0" encoding="UTF-8"?>
<wsdl:definitions xmlns:wsdl="http://schemas.xmlsoap.org/wsdl/" xmlns:tns="http://example.com/test" xmlns:xsd="http://www.w3.org/2001/XMLSchema" xmlns:soap="http://schemas.xmlsoap.org/wsdl/soap/" name="TestService" targetNamespace="http://example.com/test">
  <wsdl:types>
    <xsd:schema xmlns:xsd="http://www.w3.org/2001/XMLSchema" targetNamespace="http://example.com/test">
      <xsd:complexType xmlns:wsdl="http://schemas.xmlsoap.org/wsdl/" name="TestType">
        <wsdl:documentation xmlns:wsdl="http://schemas.xmlsoap.org/wsdl/">Complex type documentation</wsdl:documentation>
        <xsd:sequence>
          <xsd:element name="id" type="xsd:int"/>
        </xsd:sequence>
      </xsd:complexType>
    </xsd:schema>
  </wsdl:types>
</wsdl:definitions>
