<?xml version="1.0" encoding="UTF-8"?>
<wsdl:description xmlns:wsdl="http://www.w3.org/ns/wsdl" xmlns:tns="http://example.com/types" xmlns:xs="http://www.w3.org/2001/XMLSchema" xmlns:wsoap="http://www.w3.org/ns/wsdl/soap" targetNamespace="http://example.com/types">
  <wsdl:types>
    <xs:schema xmlns:xs="http://www.w3.org/2001/XMLSchema" targetNamespace="http://example.com/types">
      <xs:complexType name="Price">
        <xs:simpleContent>
          <xs:extension base="xs:decimal">
            <xs:attribute name="currency" type="xs:string"/>
          </xs:extension>
        </xs:simpleContent>
      </xs:complexType>
    </xs:schema>
  </wsdl:types>
</wsdl:description>
