<?xml version="1.0" encoding="UTF-8"?>
<wsdl:description xmlns:wsdl="http://www.w3.org/ns/wsdl" xmlns:tns="http://example.com/types" xmlns:xs="http://www.w3.org/2001/XMLSchema" xmlns:wsoap="http://www.w3.org/ns/wsdl/soap" targetNamespace="http://example.com/types">
  <wsdl:types>
    <xs:schema xmlns:xs="http://www.w3.org/2001/XMLSchema" targetNamespace="http://example.com/types">
      <xs:attributeGroup name="CommonAttrs">
        <xs:attribute name="id" type="xs:int"/>
        <xs:attribute name="created" type="xs:dateTime"/>
      </xs:attributeGroup>
    </xs:schema>
  </wsdl:types>
</wsdl:description>
