<?xml version="1.0" encoding="UTF-8"?>
<wsdl:description xmlns:wsdl="http://www.w3.org/ns/wsdl" xmlns:tns="http://example.com/" xmlns:xs="http://www.w3.org/2001/XMLSchema" xmlns:wsoap="http://www.w3.org/ns/wsdl/soap" targetNamespace="http://example.com/">
  <wsdl:interface name="Interface">
    <wsdl:fault name="ErrorFault" element="tns:Error"/>
  </wsdl:interface>
  <wsdl:binding name="Binding" interface="tns:Interface">
    <wsdl:fault ref="tns:ErrorFault"/>
  </wsdl:binding>
</wsdl:description>
