<?xml version="1.0" encoding="UTF-8"?>
<wsdl:description xmlns:wsdl="http://www.w3.org/ns/wsdl" xmlns:tns="http://example.com/" xmlns:xs="http://www.w3.org/2001/XMLSchema" xmlns:wsoap="http://www.w3.org/ns/wsdl/soap" targetNamespace="http://example.com/">
  <wsdl:binding name="Binding" interface="tns:Interface"/>
  <wsdl:service name="Service">
    <wsdl:endpoint name="Endpoint" binding="tns:Binding" address="http://example.com/">
      <wsdl:documentation xml:lang="en">Primary endpoint</wsdl:documentation>
    </wsdl:endpoint>
  </wsdl:service>
</wsdl:description>
