<?xml version="1.0" encoding="UTF-8"?>
<wsdl:definitions xmlns:wsdl="http://schemas.xmlsoap.org/wsdl/" xmlns:tns="http://example.com/entity" xmlns:xsd="http://www.w3.org/2001/XMLSchema" xmlns:soap="http://schemas.xmlsoap.org/wsdl/soap/" name="EntityService" targetNamespace="http://example.com/entity">
  <wsdl:types>
    <xsd:schema xmlns:xsd="http://www.w3.org/2001/XMLSchema" targetNamespace="http://example.com/entity">
      <xsd:complexType name="BaseEntity" abstract="true">
        <xsd:sequence>
          <xsd:element name="id" type="xsd:int"/>
          <xsd:element name="createdAt" type="xsd:dateTime"/>
          <xsd:element name="updatedAt" type="xsd:dateTime" nillable="true"/>
        </xsd:sequence>
      </xsd:complexType>
      <xsd:complexType name="PersonEntity">
        <xsd:complexContent>
          <xsd:extension base="tns:BaseEntity">
            <xsd:sequence>
              <xsd:element name="firstName" type="xsd:string"/>
              <xsd:element name="lastName" type="xsd:string"/>
            </xsd:sequence>
          </xsd:extension>
        </xsd:complexContent>
      </xsd:complexType>
      <xsd:complexType name="EmployeeEntity">
        <xsd:complexContent>
          <xsd:extension base="tns:PersonEntity">
            <xsd:sequence>
              <xsd:element name="employeeId" type="xsd:string"/>
              <xsd:element name="department" type="xsd:string"/>
            </xsd:sequence>
          </xsd:extension>
        </xsd:complexContent>
      </xsd:complexType>
    </xsd:schema>
  </wsdl:types>
</wsdl:definitions>
